[www.bitexl.com/index.html]
[backblue.gif]
[fade.gif]
[index.html]
[img1.wsimg.com/isteam/ip/01d55b24-bf51-4ada-84c7-840f4858276c/dff917fe-3ebe-4aa8-8313-7d1ee3e47658.jpg]
[www.google-analytics.com/analytics.js]
[www.bitexl.com/about.html]
[www.bitexl.com/departments.html]
[www.bitexl.com/events.html]
[www.bitexl.com/society.html]
[www.bitexl.com/sponsors.html]
[www.bitexl.com/gallery.html]
[www.bitexl.com/blog.html]
[img1.wsimg.com/blobby/go/01d55b24-bf51-4ada-84c7-840f4858276c/downloads/1bm0uetrd_767994.jpg]
[www.bitexl.com/contact.html]
[img1.wsimg.com/tcc/tcc_l.combined.1.0.6.min.js]
[www.bitexl.com/index.html]
[img1.wsimg.com/ceph-p3-01/website-builder-data-prod/static/widgets/UX.3.6.4.js]
[www.bitexl.com/about.html]
[www.bitexl.com/departments.html]
[www.bitexl.com/events.html]
[www.bitexl.com/society.html]
[www.bitexl.com/sponsors.html]
[www.bitexl.com/gallery.html]
[www.bitexl.com/blog.html]
[www.bitexl.com/contact.html]
[www.bitexl.com/POST.html]
[img1.wsimg.com/tcc/tcc_l.combined.1.0.6.min.js]
[www.bitexl.com/_/img1.wsimg.com/isteam/ip/01d55b24-bf51-4ada-84c7-840f4858276c/072604cf-db42-410e-9850-a175804fac44.jpeg/_/cr=t_0%,l_0%,w_100%,h_100%/rs=w_50,h_/cr=w_50,h_50,ax_c,ay_c_]
[www.bitexl.com/edge/index.html]
